['runID: object', 'module: object', 'name: object', 'value: object']
"runID","module","name","value"
