['runID: object', 'type: object', 'module: object', 'name: object', 'attrname: object', 'attrvalue: object', 'value: object', 'count: float64', 'sumweights: float64', 'mean: float64', 'stddev: float64', 'min: float64', 'max: float64', 'underflows: float64', 'overflows: float64', 'binedges: object', 'binvalues: object', 'vectime: object', 'vecvalue: object']
"runID","type","module","name","attrname","attrvalue","value","count","sumweights","mean","stddev","min","max","underflows","overflows","binedges","binvalues","vectime","vecvalue"
