['runID: object', 'name: object', 'value: object']
"runID","name","value"
