['runID: object', 'module: object', 'name: object', 'value: float64', 'unit: object']
"runID","module","name","value","unit"
