['runID: object', 'module: object', 'name: object', 'count: float64', 'sumweights: float64', 'mean: float64', 'stddev: float64', 'min: float64', 'max: float64', 'unit: object']
"runID","module","name","count","sumweights","mean","stddev","min","max","unit"
