['runID: object', 'module: object', 'name: object', 'vectime: object', 'vecvalue: object', 'unit: object']
"runID","module","name","vectime","vecvalue","unit"
